[opn-play.web.app/index.html]
[backblue.gif]
[fade.gif]
[index.html]
[cdn.jsdelivr.net/npm/bootstrap@5.3.0-alpha1/dist/css/bootstrap.min.css]
[cdnjs.cloudflare.com/ajax/libs/animate.css/4.1.1/animate.min.css]
[cdn.jsdelivr.net/npm/bootstrap@5.3.0/dist/css/bootstrap.min.css]
[cdnjs.cloudflare.com/ajax/libs/font-awesome/6.6.0/css/all.min.css]
[cdn.jsdelivr.net/npm/bootstrap-icons/font/bootstrap-icons.css]
[cdn.jsdelivr.net/npm/summernote/dist/summernote-bs5.css]
[opn-play.web.app/assets/png/logo-tablet.png]
[opn-play.web.app/assets/css/standard.css]
[opn-play.web.app/assets/css/dashboard.css]
[opn-play.web.app/assets/css/sidebar.css]
[opn-play.web.app/assets/css/main_content.css]
[cdn.jsdelivr.net/npm/@popperjs/core@2.11.8/dist/umd/popper.min.js]
[cdn.jsdelivr.net/npm/bootstrap@5.3.0-alpha1/dist/js/bootstrap.bundle.min.js]
[cdn.jsdelivr.net/npm/jquery/dist/jquery.min.js]
[unpkg.com/week-view@1.0.1/dist/week-view.js]
[opn-play.web.app/assets/png/logo.png]
[opn-play.web.app/assets/svg/icon-sidebar-left.svg]
[opn-play.web.app/index-2.html]
[opn-play.web.app/assets/svg/icon-home.svg]
[opn-play.web.app/physical-performance-dashboard.html]
[opn-play.web.app/assets/svg/icon-player.svg]
[opn-play.web.app/medical.html]
[opn-play.web.app/players.html]
[opn-play.web.app/assets/svg/icon-medical.svg]
[opn-play.web.app/calendar.html]
[opn-play.web.app/assets/svg/icon-calendar.svg]
[opn-play.web.app/news.html]
[opn-play.web.app/messages.html]
[opn-play.web.app/assets/svg/icon-message.svg]
[opn-play.web.app/surveys.html]
[opn-play.web.app/assets/svg/icon-opened-document.svg]
[opn-play.web.app/backoffice.html]
[opn-play.web.app/assets/svg/icon-puzzle.svg]
[opn-play.web.app/assets/png/default-avatar.png]
[opn-play.web.app/assets/svg/icon-arrow-right.svg]
[opn-play.web.app/profile.html]
[opn-play.web.app/logout.html]
[opn-play.web.app/assets/svg/icon-sidebar-right.svg]
[opn-play.web.app/assets/svg/icon-book.svg]
[opn-play.web.app/assets/svg/icon-document.svg]
[opn-play.web.app/assets/png/team-logo.png]
[opn-play.web.app/assets/svg/icon-dot.svg]
[opn-play.web.app/assets/svg/icon-notification-bing.svg]
[opn-play.web.app/assets/svg/icon-message-text.svg]
[opn-play.web.app/assets/png/avatar-nick.png]
[opn-play.web.app/assets/png/avatar-jacob.png]
[opn-play.web.app/assets/png/avatar-anthony.png]
[opn-play.web.app/assets/png/avatar-matthew.png]
[opn-play.web.app/assets/png/avatar-matthew-bigger.png]
[opn-play.web.app/assets/png/avatar-jacob-bigger.png]
[opn-play.web.app/assets/png/avatar-anthony-bigger.png]
[opn-play.web.app/assets/png/bg_season.png]
[opn-play.web.app/assets/svg/icon-arrow-cross.svg]
[opn-play.web.app/assets/png/bg_mini_card.png]
[opn-play.web.app/assets/svg/icon-close.svg]
[opn-play.web.app/assets/png/bg_mini_card_1.png]
[opn-play.web.app/assets/js/sidebar.js]
[opn-play.web.app/assets/js/pie-apexchart.js]
[opn-play.web.app/assets/js/calendar.js]
[opn-play.web.app/assets/js/min-radial-warning-apexchart.js]
[opn-play.web.app/assets/js/min-radial-success-apexchart.js]
[opn-play.web.app/assets/png/bg_mini_card_2.png]
[opn-play.web.app/assets/js/min-radial-alert-apexchart.js]
[opn-play.web.app/index.html]
[cdn.jsdelivr.net/npm/bootstrap@5.3.0-alpha1/dist/css/bootstrap.min.css]
[cdnjs.cloudflare.com/ajax/libs/animate.css/4.1.1/animate.min.css]
[cdnjs.cloudflare.com/ajax/libs/font-awesome/6.6.0/css/all.min.css]
[cdn.jsdelivr.net/npm/bootstrap@5.3.0/dist/css/bootstrap.min.css]
[cdn.jsdelivr.net/npm/bootstrap-icons/font/fonts/bootstrap-icons04d5.woff2]
[cdn.jsdelivr.net/npm/bootstrap-icons/font/fonts/bootstrap-icons04d5.woff]
[cdn.jsdelivr.net/npm/bootstrap-icons/font/bootstrap-icons.css]
[cdn.jsdelivr.net/npm/summernote/dist/font/summernoted41d.eot]
[cdn.jsdelivr.net/npm/summernote/dist/font/summernote.woff2]
[cdn.jsdelivr.net/npm/summernote/dist/font/summernote.woff]
[cdn.jsdelivr.net/npm/summernote/dist/summernote-bs5.css]
[opn-play.web.app/assets/css/standard.css]
[cdn.jsdelivr.net/npm/summernote/dist/font/summernote.ttf]
[opn-play.web.app/assets/png/club-back.png]
[opn-play.web.app/assets/png/bg-avatar-card.png]
[opn-play.web.app/assets/png/news-hero.png]
[opn-play.web.app/assets/css/dashboard.css]
[opn-play.web.app/assets/css/sidebar.css]
[opn-play.web.app/assets/css/main_content.css]
[opn-play.web.app/assets/svg/icon-sidebar-left.svg]
[opn-play.web.app/index-2.html]
[opn-play.web.app/assets/svg/icon-home.svg]
[cdn.jsdelivr.net/npm/bootstrap-select@1.14.0-beta3/dist/css/bootstrap-select.min.css]
[opn-play.web.app/assets/png/stadium-bg.png]
[cdn.datatables.net/1.13.4/css/dataTables.bootstrap5.min.css]
[cdn.datatables.net/responsive/2.4.1/css/responsive.bootstrap5.min.css]
[cdn.jsdelivr.net/npm/bootstrap-wysiwyg@2.0.1/css/style.min.css]
[cdn.jsdelivr.net/npm/bootstrap-select@1.14.0-beta3/dist/js/bootstrap-select.min.js]
[cdn.datatables.net/1.13.4/js/jquery.dataTables.min.js]
[cdn.datatables.net/1.13.4/js/dataTables.bootstrap5.min.js]
[cdn.datatables.net/responsive/2.4.1/js/dataTables.responsive.min.js]
[cdn.datatables.net/responsive/2.4.1/js/responsive.bootstrap5.min.js]
[cdn.jsdelivr.net/npm/bootstrap-wysiwyg@2.0.1/js/bootstrap-wysiwyg.min.js]
[opn-play.web.app/physical-performance-load.html]
[opn-play.web.app/physical-performance-sc.html]
[opn-play.web.app/physical-performance-athletic.html]
[opn-play.web.app/physical-performance-rehabilitation.html]
[opn-play.web.app/physical-performance-recovery.html]
[opn-play.web.app/physical-performance-settings.html]
[opn-play.web.app/assets/svg/arrow-right-white.svg]
[opn-play.web.app/assets/svg/icon-edit.svg]
[opn-play.web.app/assets/svg/icon-line-arrow-up.svg]
[opn-play.web.app/assets/svg/icon-line-arrow-down.svg]
[opn-play.web.app/assets/png/avatar-nick-bigger.png]
[opn-play.web.app/assets/png/avatar-aaron-bigger.png]
[opn-play.web.app/assets/svg/icon-line-arrow-forward-btn.svg]
[opn-play.web.app/assets/svg/icon-add.svg]
[opn-play.web.app/assets/png/no-athetic-profiles.png]
[opn-play.web.app/medical-player-dashboard.html]
[opn-play.web.app/assets/svg/icon-white-close.svg]
[opn-play.web.app/assets/js/datatable.js]
[opn-play.web.app/assets/js/bootstrap-select.js]
[opn-play.web.app/assets/js/physical-dashboard.js]
[opn-play.web.app/assets/js/solid-radial-bar-apexchart.js]
[opn-play.web.app/physical-performance-dashboard.html]
[opn-play.web.app/assets/svg/icon-player.svg]
[opn-play.web.app/medical-analytics.html]
[opn-play.web.app/assets/svg/icon-search.svg]
[opn-play.web.app/assets/png/avatar-img-1.png]
[opn-play.web.app/assets/png/avatar-img-6.png]
[opn-play.web.app/assets/png/avatar-img-5.png]
[opn-play.web.app/assets/png/avatar-img-4.png]
[opn-play.web.app/assets/png/avatar-img-7.png]
[opn-play.web.app/assets/png/avatar-img-2.png]
[opn-play.web.app/assets/png/avatar-img-3.png]
[opn-play.web.app/assets/png/front.png]
[opn-play.web.app/assets/png/back.png]
[opn-play.web.app/assets/js/bar-group-apexchart.js]
[opn-play.web.app/assets/js/bar-apexchart.js]
[opn-play.web.app/assets/js/bar-radial-apexchart.js]
[opn-play.web.app/medical.html]
[opn-play.web.app/assets/svg/icon-medical.svg]
[opn-play.web.app/assets/svg/search-normal.svg]
[opn-play.web.app/assets/js/player-img-list.js]
[opn-play.web.app/assets/js/drag-drop.js]
[opn-play.web.app/players.html]
[cdn.jsdelivr.net/npm/fullcalendar@6.1.7/index.global.min.7a.delayed]
[cdn.jsdelivr.net/npm/fullcalendar-scheduler@6.1.7/index.global.min.css]
[cdn.jsdelivr.net/npm/@fullcalendar/daygrid@6.1.7/index.global.min.css]
[cdn.jsdelivr.net/npm/sweetalert2@11.22.0/dist/sweetalert2.min.css]
[opn-play.web.app/assets/css/calendar.css]
[cdn.jsdelivr.net/npm/fullcalendar@6.1.7/index.global.min.js]
[cdn.jsdelivr.net/npm/@fullcalendar/timegrid@6.1.7/index.global.min.js]
[cdn.jsdelivr.net/npm/@fullcalendar/daygrid@6.1.7/index.global.min.js]
[opn-play.web.app/assets/png/pdf-icon.png]
[cdn.jsdelivr.net/npm/fullcalendar-scheduler@6.1.7/index.global.min.js]
[opn-play.web.app/assets/png/small-avatar.png]
[opn-play.web.app/assets/svg/clock.svg]
[opn-play.web.app/assets/png/docs-icon.png]
[opn-play.web.app/assets/png/xls-icon.png]
[opn-play.web.app/assets/png/image.png]
[opn-play.web.app/assets/png/image-1.png]
[opn-play.web.app/assets/png/image-2.png]
[opn-play.web.app/assets/png/image-3.png]
[opn-play.web.app/assets/png/image-4.png]
[opn-play.web.app/assets/png/image-5.png]
[opn-play.web.app/assets/png/image-6.png]
[opn-play.web.app/assets/js/full-calendar.js]
[opn-play.web.app/assets/js/sweet-delete-alert.js]
[opn-play.web.app/assets/js/all-members-group.js]
[opn-play.web.app/calendar.html]
[opn-play.web.app/assets/svg/icon-calendar.svg]
[cdn.jsdelivr.net/npm/swiper@11/swiper-bundle.min.css]
[cdn.jsdelivr.net/npm/summernote/dist/summernote-bs5.min.js]
[cdn.jsdelivr.net/npm/swiper@11/swiper-bundle.min.js]
[opn-play.web.app/news-details.html]
[opn-play.web.app/assets/png/news-card-1.png]
[opn-play.web.app/assets/png/news-card-2.png]
[opn-play.web.app/assets/png/news-ball.png]
[opn-play.web.app/assets/png/news-card-3.png]
[opn-play.web.app/assets/png/news-card-4.png]
[opn-play.web.app/assets/png/news-card-5.png]
[opn-play.web.app/assets/png/news-card-6.png]
[opn-play.web.app/assets/png/news-card-7.png]
[opn-play.web.app/assets/png/news-card-8.png]
[opn-play.web.app/assets/png/news-card-9.png]
[opn-play.web.app/assets/png/news-card-10.png]
[opn-play.web.app/assets/js/summernote.js]
[opn-play.web.app/assets/js/custom-swiper.js]
[opn-play.web.app/news.html]
[opn-play.web.app/assets/css/message.css]
[opn-play.web.app/assets/svg/document-text.svg]
[opn-play.web.app/assets/svg/gallery.svg]
[opn-play.web.app/assets/svg/send.svg]
[opn-play.web.app/assets/js/expand-group-member.js]
[opn-play.web.app/assets/js/message.js]
[opn-play.web.app/messages.html]
[opn-play.web.app/assets/svg/icon-message.svg]
[bootstrap-tagsinput.github.io/bootstrap-tagsinput/dist/bootstrap-tagsinput.css]
[opn-play.web.app/assets/css/surveys.css]
[cdnjs.cloudflare.com/ajax/libs/typeahead.js/0.11.1/typeahead.bundle.min.js]
[bootstrap-tagsinput.github.io/bootstrap-tagsinput/dist/bootstrap-tagsinput.min.js]
[cdn.jsdelivr.net/npm/sortable-draggable-js@1.1.6/index.min.js]
[opn-play.web.app/assets/svg/icon-two-way-arrows.svg]
[opn-play.web.app/assets/svg/icon-plus.svg]
[opn-play.web.app/assets/svg/icon-plus-black.svg]
[opn-play.web.app/assets/png/avatar-nick-xl.png]
[opn-play.web.app/assets/png/avatar-jacob-2-bigger.png]
[opn-play.web.app/assets/svg/icon-success-cyan-calendar.svg]
[cdn.jsdelivr.net/npm/sortablejs@1.15.0/Sortable.min.js]
[opn-play.web.app/assets/js/create-question-survey.js]
[opn-play.web.app/assets/js/all-survey-list.js]
[opn-play.web.app/assets/js/toggle-button.js]
[opn-play.web.app/assets/js/continue-modal.js]
[opn-play.web.app/surveys.html]
[opn-play.web.app/assets/svg/icon-opened-document.svg]
[opn-play.web.app/assets/png/avatar-staff-xl-default.png]
[opn-play.web.app/assets/svg/icon-send.svg]
[opn-play.web.app/assets/svg/icon-phone.svg]
[opn-play.web.app/assets/js/backoffice-dashboard.js]
[opn-play.web.app/assets/js/backoffice.js]
[opn-play.web.app/assets/js/input-tag.js]
[opn-play.web.app/backoffice.html]
[opn-play.web.app/assets/svg/icon-puzzle.svg]
[opn-play.web.app/assets/svg/icon-arrow-right.svg]
[opn-play.web.app/profile.html]
[opn-play.web.app/logout.html]
[opn-play.web.app/assets/svg/icon-sidebar-right.svg]
[opn-play.web.app/assets/svg/icon-book.svg]
[opn-play.web.app/assets/svg/icon-document.svg]
[opn-play.web.app/assets/svg/icon-dot.svg]
[opn-play.web.app/assets/svg/icon-notification-bing.svg]
[opn-play.web.app/assets/svg/icon-message-text.svg]
[opn-play.web.app/assets/svg/icon-arrow-cross.svg]
[opn-play.web.app/assets/svg/icon-close.svg]
[cdn.jsdelivr.net/npm/bootstrap-select@1.14.0-beta3/dist/css/bootstrap-select.min.css]
[cdn.datatables.net/1.13.4/css/dataTables.bootstrap5.min.css]
[cdn.datatables.net/responsive/2.4.1/css/responsive.bootstrap5.min.css]
[cdn.jsdelivr.net/npm/bootstrap-wysiwyg@2.0.1/css/style.min.css]
[opn-play.web.app/assets/svg/icon-line-arrow-forward.svg]
[opn-play.web.app/assets/svg/icon-line-arrow-forward-white.svg]
[opn-play.web.app/physical-performance-load-session.html]
[opn-play.web.app/assets/svg/icon-timer.svg]
[opn-play.web.app/assets/svg/icon-user.svg]
[opn-play.web.app/assets/png/avatar-second.png]
[opn-play.web.app/assets/png/avatar-crown.png]
[opn-play.web.app/assets/png/avatar-third.png]
[opn-play.web.app/assets/png/avatar-dropdown.png]
[opn-play.web.app/assets/svg/icon-arrow-down-success.svg]
[opn-play.web.app/assets/svg/icon-arrow-dropdown.svg]
[opn-play.web.app/assets/js/column-apexchart.js]
[opn-play.web.app/assets/js/radar-apexchart.js]
[opn-play.web.app/assets/js/accordion.js]
[opn-play.web.app/assets/js/change-player.js]
[opn-play.web.app/physical-performance-load.html]
[cdn.jsdelivr.net/npm/vanilla-calendar-pro@3.0.4/dist/index.min.css]
[opn-play.web.app/assets/svg/icon-crown.svg]
[opn-play.web.app/assets/css/min_fullcalendar_customization.css]
[cdn.jsdelivr.net/npm/fullcalendar@6.1.8/index.global.min.js]
[opn-play.web.app/assets/png/avatar-anthony-md.png]
[opn-play.web.app/assets/png/avatar-matthew-md.png]
[opn-play.web.app/assets/png/avatar-jacob-md.png]
[opn-play.web.app/assets/png/avatar-nick-md.png]
[opn-play.web.app/physical-performance-sc-phase-editor.html]
[opn-play.web.app/assets/svg/icon-quote.svg]
[opn-play.web.app/assets/svg/icon-copy.svg]
[opn-play.web.app/assets/svg/icon-trash.svg]
[opn-play.web.app/physical-performance-sc-session-editor.html]
[opn-play.web.app/assets/svg/icon-check.svg]
[opn-play.web.app/assets/png/avatar-jacob-2-mini-sm.png]
[opn-play.web.app/assets/svg/icon-tag.svg]
[opn-play.web.app/assets/svg/icon-play.svg]
[opn-play.web.app/assets/svg/icon-minus.svg]
[opn-play.web.app/assets/png/avatar-jacob-xl.png]
[opn-play.web.app/assets/png/avatar-anthony-xl.png]
[opn-play.web.app/assets/png/avatar-matthew-xl.png]
[opn-play.web.app/assets/png/avatar-anthony-lg.png]
[opn-play.web.app/assets/js/monthly-view-calendar.js]
[opn-play.web.app/assets/js/monthly-view-event-modal.js]
[opn-play.web.app/assets/js/dropdown.js]
[opn-play.web.app/assets/js/video-play.js]
[opn-play.web.app/physical-performance-sc.html]
[opn-play.web.app/physical-performance-rehabilitation-phase-editor.html]
[opn-play.web.app/physical-performance-rehabilitation-session-editor.html]
[opn-play.web.app/physical-performance-rehabilitation.html]
[opn-play.web.app/assets/png/team-view-front-shadow.png]
[opn-play.web.app/assets/png/team-view-front.png]
[opn-play.web.app/assets/png/team-view-back-shadow.png]
[opn-play.web.app/assets/svg/icon-calendar-mini.svg]
[opn-play.web.app/assets/png/team-view-back.png]
[opn-play.web.app/assets/js/bodyparts.js]
[opn-play.web.app/assets/js/sort-data-point-item.js]
[opn-play.web.app/assets/js/line-zone-apexchart.js]
[opn-play.web.app/physical-performance-athletic.html]
[opn-play.web.app/assets/png/avatar-nick-lg.png]
[opn-play.web.app/assets/png/avatar-default-player-xxl.png]
[opn-play.web.app/assets/js/spark-line-apexchart.js]
[opn-play.web.app/physical-performance-recovery.html]
[opn-play.web.app/physical-performance-settings.html]
[opn-play.web.app/assets/svg/arrow-right-white.svg]
[opn-play.web.app/assets/svg/icon-edit.svg]
[opn-play.web.app/assets/svg/icon-line-arrow-up.svg]
[opn-play.web.app/assets/svg/icon-line-arrow-down.svg]
[opn-play.web.app/assets/svg/icon-line-arrow-forward-btn.svg]
[opn-play.web.app/assets/svg/icon-add.svg]
[opn-play.web.app/assets/png/avatar_player.png]
[opn-play.web.app/assets/svg/icon-warning.svg]
[opn-play.web.app/assets/svg/icon-danger.svg]
[opn-play.web.app/assets/svg/icon-note.svg]
[opn-play.web.app/assets/png/injury-front.png]
[opn-play.web.app/assets/png/avatar_player_purple.png]
[opn-play.web.app/assets/svg/icon-line-arrow-back.svg]
[opn-play.web.app/assets/png/avatar_timeline_default.png]
[opn-play.web.app/assets/svg/icon-pdf-file.svg]
[opn-play.web.app/assets/png/icon-folder-success.png]
[opn-play.web.app/medical-player-dashboard-file.html]
[opn-play.web.app/assets/png/icon_folder_avatar.png]
[opn-play.web.app/assets/png/icon-folder-purple.png]
[opn-play.web.app/assets/png/icon-folder-yellow.png]
[opn-play.web.app/assets/png/icon-folder-alert.png]
[opn-play.web.app/assets/svg/icon-pdf-md.svg]
[opn-play.web.app/assets/video/sample_video.mp4]
[opn-play.web.app/assets/js/sortable-item.js]
[opn-play.web.app/assets/js/search-item-suggestion.js]
[opn-play.web.app/medical-player-dashboard.html]
[opn-play.web.app/assets/svg/icon-white-close.svg]
[opn-play.web.app/assets/png/injury-back.png]
[opn-play.web.app/medical-analytics.html]
[opn-play.web.app/assets/svg/icon-search.svg]
[opn-play.web.app/assets/svg/search-normal.svg]
[cdn.jsdelivr.net/npm/fullcalendar@6.1.7/index.global.min.css]
[cdn.jsdelivr.net/npm/fullcalendar-scheduler@6.1.7/index.global.min.css]
[cdn.jsdelivr.net/npm/@fullcalendar/daygrid@6.1.7/index.global.min.css]
[cdn.jsdelivr.net/npm/sweetalert2@11.22.0/dist/sweetalert2.min.css]
[opn-play.web.app/assets/css/calendar.css]
[opn-play.web.app/assets/svg/clock.svg]
[cdn.jsdelivr.net/npm/swiper@11/swiper-bundle.min.css]
[opn-play.web.app/news-details.html]
[opn-play.web.app/assets/css/message.css]
[opn-play.web.app/assets/svg/document-text.svg]
[opn-play.web.app/assets/svg/gallery.svg]
[opn-play.web.app/assets/svg/send.svg]
[bootstrap-tagsinput.github.io/bootstrap-tagsinput/dist/bootstrap-tagsinput.css]
[opn-play.web.app/assets/css/surveys.css]
[opn-play.web.app/assets/svg/icon-two-way-arrows.svg]
[opn-play.web.app/assets/svg/icon-plus.svg]
[opn-play.web.app/assets/svg/icon-plus-black.svg]
[opn-play.web.app/assets/svg/icon-success-cyan-calendar.svg]
[opn-play.web.app/assets/svg/icon-send.svg]
[opn-play.web.app/assets/svg/icon-phone.svg]
[opn-play.web.app/assets/svg/icon-line-arrow-forward.svg]
[opn-play.web.app/assets/svg/icon-line-arrow-forward-white.svg]
[opn-play.web.app/assets/svg/icon-edit-white.svg]
[opn-play.web.app/physical-performance-load-session.html]
[opn-play.web.app/assets/svg/icon-timer.svg]
[opn-play.web.app/assets/svg/icon-user.svg]
[opn-play.web.app/assets/svg/icon-crown.svg]
[opn-play.web.app/assets/svg/icon-arrow-down-success.svg]
[opn-play.web.app/assets/svg/icon-arrow-dropdown.svg]
[cdn.jsdelivr.net/npm/vanilla-calendar-pro@3.0.4/dist/index.min.css]
[opn-play.web.app/assets/svg/icon-arrow-left.svg]
[opn-play.web.app/assets/svg/icon-arrow-right-black.svg]
[opn-play.web.app/assets/css/min_fullcalendar_customization.css]
[opn-play.web.app/assets/svg/icon-trash-white.svg]
[opn-play.web.app/assets/js/sortable-calendar-drag-drop.js]
[opn-play.web.app/assets/js/session-filter-render.js]
[opn-play.web.app/physical-performance-sc-phase-editor.html]
[opn-play.web.app/assets/svg/icon-quote.svg]
[opn-play.web.app/assets/svg/icon-copy.svg]
[opn-play.web.app/assets/svg/icon-trash.svg]
[opn-play.web.app/assets/svg/icon-document-upload.svg]
[opn-play.web.app/physical-performance-sc-session-editor.html]
[opn-play.web.app/assets/svg/icon-check.svg]
[opn-play.web.app/assets/svg/icon-tag.svg]
[opn-play.web.app/assets/svg/icon-play.svg]
[opn-play.web.app/assets/svg/icon-minus.svg]
[opn-play.web.app/physical-performance-rehabilitation-phase-editor.html]
[opn-play.web.app/physical-performance-rehabilitation-session-editor.html]
[opn-play.web.app/assets/svg/icon-calendar-mini.svg]
[opn-play.web.app/assets/svg/icon-warning.svg]
[opn-play.web.app/assets/svg/icon-danger.svg]
[opn-play.web.app/assets/svg/icon-note.svg]
[opn-play.web.app/assets/svg/icon-line-arrow-back.svg]
[opn-play.web.app/assets/svg/icon-pdf-file.svg]
[opn-play.web.app/assets/svg/icon-dots.svg]
[opn-play.web.app/assets/svg/icon-return-back.svg]
[opn-play.web.app/assets/svg/icon-csv-large.svg]
[opn-play.web.app/assets/svg/icon-pdf-large.svg]
[opn-play.web.app/assets/svg/icon-jpg-large.svg]
[opn-play.web.app/assets/svg/icon-mp4-large.svg]
[opn-play.web.app/medical-player-dashboard-file.html]
[opn-play.web.app/assets/svg/icon-pdf-md.svg]
[opn-play.web.app/assets/svg/icon-edit-white.svg]
[opn-play.web.app/assets/svg/icon-arrow-left.svg]
[opn-play.web.app/assets/svg/icon-arrow-right-black.svg]
[opn-play.web.app/assets/svg/icon-trash-white.svg]
[opn-play.web.app/assets/svg/icon-document-upload.svg]
[opn-play.web.app/assets/svg/icon-dots.svg]
[opn-play.web.app/assets/svg/icon-return-back.svg]
[opn-play.web.app/assets/svg/icon-csv-large.svg]
[opn-play.web.app/assets/svg/icon-pdf-large.svg]
[opn-play.web.app/assets/svg/icon-jpg-large.svg]
[opn-play.web.app/assets/svg/icon-mp4-large.svg]
